MPASM  5.51                      SUMADORA.ASM   1-10-2021  23:15:01         PAGE  1


LOC  OBJECT CODE     LINE SOURCE TEXT
  VALUE

                      00001  ;---------------------------------------------------------------------
                      00002 ;Practica 6 "Sumdora"
                      00003 ;Hacer la suma de digitos
                      00004 ;La entrada de datos sera por un teclado matricial de 4x4
                      00005 ;Los digitos ah sumar y sus resultados se mostraran
                      00006 ;ya sea por pantalla LCD o display de 7 seg
                      00007 ;---------------------------------------------------------------------
                      00008 #INCLUDE <p16f877A.inc>
                      00001         LIST
                      00002 
                      00003 ;==========================================================================
                      00004 ;  MPASM PIC16F877A processor include
                      00005 ; 
                      00006 ;  (c) Copyright 1999-2013 Microchip Technology, All rights reserved
                      00007 ;==========================================================================
                      00008 
Message[301]: MESSAGE: (Processor-header file mismatch.  Verify selected processor.)
                      00566         LIST
Warning[215]: Processor superseded by command line.  Verify processor symbol.
                      00009  list p=16f877A            
2007   3D31           00010  __config 3D31
                      00011 ;---------------------------------------------------------------------
                      00012 ;                                                               CONFIGURACION
                      00013 ;---------------------------------------------------------------------
Warning[205]: Found directive in column 1. (org)
0000                  00014 org     0x00
                      00015 
0000                  00016 INICIO
0000   1683           00017  bsf    STATUS, RP0
                      00018 
0001   30F0           00019  movlw  b'11110000'
Message[302]: Register in operand not in bank 0.  Ensure that bank bits are correct.
0002   0086           00020  movwf  TRISB
                      00021 
0003   30F0           00022  movlw  b'11110000'
Message[302]: Register in operand not in bank 0.  Ensure that bank bits are correct.
0004   0088           00023  movwf  TRISD
                      00024 
0005   3000           00025  movlw  0x00
Message[302]: Register in operand not in bank 0.  Ensure that bank bits are correct.
0006   0087           00026  movwf  TRISC
                      00027 
0007   1283           00028  bcf    STATUS, RP0
                      00029 ;----------------------------------------------------------------------
                      00030 ;                                                               INICIO
                      00031 ;----------------------------------------------------------------------
0008                  00032 entrada
0008   200A           00033  call teclado
Warning[203]: Found opcode in column 1. (goto)
0009   2808           00034 goto entrada
                      00035 ;----------------------------------------------------------------------
000A                  00036 teclado
000A   1406           00037  bsf    PORTB,0;--------------------------ENERGISANDO ENTRADA RB0
MPASM  5.51                      SUMADORA.ASM   1-10-2021  23:15:01         PAGE  2


LOC  OBJECT CODE     LINE SOURCE TEXT
  VALUE

                      00038         
000B   1A06           00039         btfsc   PORTB,4
000C   209A           00040         call    ON
                      00041 
000D   1A86           00042         btfsc   PORTB,5
000E   2038           00043     call        UNO
                      00044 
000F   1B06           00045         btfsc   PORTB,6
0010   2047           00046         call    CUATRO
                      00047 
0011   1B86           00048         btfsc   PORTB,7
0012   2056           00049         call    SIETE
                      00050 
0013   1006           00051  bcf    PORTB,0;--------------------------COLUMNA 1
                      00052 ;===============================================================================
0014   1486           00053  bsf    PORTB,1;---------------------------ENERGISANDO ENTRADA RB1
                      00054 
0015   1A06           00055         btfsc   PORTB,4
0016   2033           00056         call    CERO
                      00057 
0017   1A86           00058         btfsc   PORTB,5
0018   203D           00059         call    DOS
                      00060         
0019   1B06           00061         btfsc   PORTB,6 
001A   204C           00062         call    CINCO
                      00063 
001B   1B86           00064         btfsc   PORTB,7
001C   205B           00065         call    OCHO
                      00066 
001D   1086           00067  bcf    PORTB,1;--------------------------COLUMNA 2
                      00068 ;==============================================================================
001E   1506           00069  bsf    PORTB,2;---------------------------ENERGISANDO ENTRADA RB2
                      00070 
001F   1A06           00071         btfsc   PORTB,4
0020   2081           00072         call    IGUAL
                      00073         
0021   1A86           00074         btfsc   PORTB,5
0022   2042           00075         call    TRES
                      00076 
0023   1B06           00077         btfsc   PORTB,6
0024   2051           00078         call    SEIS
                      00079 
0025   1B86           00080         btfsc   PORTB,7
0026   2060           00081         call    NUEVE
                      00082 
0027   1106           00083  bcf    PORTB,2;--------------------------COLUMNA 3
                      00084 ;===============================================================================
0028   1586           00085  bsf    PORTB,3;----------------------------ENERGISANDO ENTRADA RB3
                      00086 
0029   1A06           00087         btfsc   PORTB,4
002A   2065           00088         call    SUMA
                      00089 
002B   1A86           00090         btfsc   PORTB,5
MPASM  5.51                      SUMADORA.ASM   1-10-2021  23:15:01         PAGE  3


LOC  OBJECT CODE     LINE SOURCE TEXT
  VALUE

002C   206C           00091         call    RESTA
                      00092 
002D   1B06           00093         btfsc   PORTB,6
002E   2073           00094         call    MULTI
                      00095 
002F   1B86           00096         btfsc   PORTB,7
0030   207A           00097         call    DIVI
                      00098 
0031   1186           00099  bcf    PORTB,3;---------------------------COLUMNA 4
Warning[203]: Found opcode in column 1. (return)
0032   0008           00100 return
                      00101 ;-------------------------------------------------------------------------------
                      00102 ;                                                               NUMEROS
                      00103 ;-------------------------------------------------------------------------------
0033                  00104 CERO
0033   3000           00105  movlw 0x00
0034   00B5           00106  movwf 0x35
0035   3030           00107  movlw 0x30
0036   20A0           00108  call DISPLAY
Warning[203]: Found opcode in column 1. (return)
0037   0008           00109 return 
                      00110 
0038                  00111 UNO
0038   3001           00112  movlw 0x01
0039   00B5           00113  movwf 0x35
003A   3031           00114  movlw 0x31
003B   20A0           00115  call DISPLAY
Warning[203]: Found opcode in column 1. (return)
003C   0008           00116 return
                      00117 
003D                  00118 DOS
003D   3002           00119  movlw 0x02
003E   00B5           00120  movwf 0x35
003F   3032           00121  movlw 0x32
0040   20A0           00122  call DISPLAY
Warning[203]: Found opcode in column 1. (return)
0041   0008           00123 return
                      00124 
0042                  00125 TRES
0042   3003           00126  movlw 0x03
0043   00B5           00127  movwf 0x35
0044   3033           00128  movlw 0x33
0045   20A0           00129  call DISPLAY
Warning[203]: Found opcode in column 1. (return)
0046   0008           00130 return
                      00131 
0047                  00132 CUATRO
0047   3004           00133  movlw 0x04
0048   00B5           00134  movwf 0x35
0049   3034           00135  movlw 0x34
004A   20A0           00136  call DISPLAY
Warning[203]: Found opcode in column 1. (return)
004B   0008           00137 return
MPASM  5.51                      SUMADORA.ASM   1-10-2021  23:15:01         PAGE  4


LOC  OBJECT CODE     LINE SOURCE TEXT
  VALUE

                      00138 
004C                  00139 CINCO
004C   3005           00140  movlw 0x05
004D   00B5           00141  movwf 0x35
004E   3035           00142  movlw 0x35
004F   20A0           00143  call DISPLAY
Warning[203]: Found opcode in column 1. (return)
0050   0008           00144 return
                      00145 
0051                  00146 SEIS
0051   3006           00147  movlw 0x06
0052   00B5           00148  movwf 0x35
0053   3036           00149  movlw 0x36
0054   20A0           00150  call DISPLAY
Warning[203]: Found opcode in column 1. (return)
0055   0008           00151 return
                      00152 
0056                  00153 SIETE
0056   3007           00154  movlw 0x07
0057   00B5           00155  movwf 0x35
0058   3037           00156  movlw 0x37
0059   20A0           00157  call DISPLAY
Warning[203]: Found opcode in column 1. (return)
005A   0008           00158 return
                      00159 
005B                  00160 OCHO
005B   3008           00161  movlw 0x08
005C   00B5           00162  movwf 0x35
005D   3038           00163  movlw 0x38
005E   20A0           00164  call DISPLAY
Warning[203]: Found opcode in column 1. (return)
005F   0008           00165 return
                      00166 
0060                  00167 NUEVE
0060   3009           00168  movlw 0x09
0061   00B5           00169  movwf 0x35
0062   3039           00170  movlw 0x39
0063   20A0           00171  call DISPLAY
Warning[203]: Found opcode in column 1. (return)
0064   0008           00172 return
                      00173 ;-------------------------------------------------------------------------------
                      00174 ;                                                                       FIN DE NUMEROS
                      00175 ;-------------------------------------------------------------------------------
                      00176 ;                                                                               SIGNOS
                      00177 ;-------------------------------------------------------------------------------
                      00178 ;-----------------------------------------SUMA
0065                  00179 SUMA
0065   0835           00180  movf 0x35,w
0066   00B6           00181  movwf 0x36
                      00182 
0067   3000           00183  movlw 0x00
0068   00B7           00184  movwf 0x37
                      00185         
MPASM  5.51                      SUMADORA.ASM   1-10-2021  23:15:01         PAGE  5


LOC  OBJECT CODE     LINE SOURCE TEXT
  VALUE

0069   302B           00186  movlw 0x2B
006A   20A0           00187  call DISPLAY
Warning[203]: Found opcode in column 1. (return)
006B   0008           00188 return
                      00189 ;---------------------------------------RESTA
006C                  00190 RESTA
006C   0835           00191  movf 0x35,w
006D   00B6           00192  movwf 0x36
                      00193         
006E   3001           00194  movlw 0x01
006F   00B7           00195  movwf 0x37
                      00196         
0070   302D           00197  movlw 0x2D
0071   20A0           00198  call DISPLAY
Warning[203]: Found opcode in column 1. (return)
0072   0008           00199 return
                      00200 ;---------------------------------------MULTIPLICAR
0073                  00201 MULTI
0073   0835           00202  movf 0x35,w
0074   00B6           00203  movwf 0x36
                      00204         
0075   3002           00205  movlw 0x02
0076   00B7           00206  movwf 0x37
                      00207         
0077   302A           00208  movlw 0x2A
0078   20A0           00209  call DISPLAY
Warning[203]: Found opcode in column 1. (return)
0079   0008           00210 return
                      00211 ;-----------------------------------------DIVICION
007A                  00212 DIVI
007A   0835           00213  movf 0x35,w
007B   00B6           00214  movwf 0x36
                      00215         
007C   3003           00216  movlw 0x03
007D   00B7           00217  movwf 0x37
                      00218         
007E   302F           00219  movlw 0x2F
007F   20A0           00220  call DISPLAY
Warning[203]: Found opcode in column 1. (return)
0080   0008           00221 return
                      00222 ;-----------------------------------------IGUAL
0081                  00223 IGUAL
0081   303D           00224  movlw  0x3D
0082   20A0           00225  call   DISPLAY
                      00226 ;--------------------------------------------------------------------------------
                      00227 ;                                                                               FIN DE LOS SIGNOS
                      00228 ;--------------------------------------------------------------------------------
                      00229 ;                                                                                OPERACIONE SUMA        
                                            
                      00230 ;--------------------------------------------------------------------------------
                      00231 ;Programar los comparadores para las operaciones de calculo 
Warning[203]: Found opcode in column 1. (btfss)
0083   1CB7           00232 btfss   0x37,1
MPASM  5.51                      SUMADORA.ASM   1-10-2021  23:15:01         PAGE  6


LOC  OBJECT CODE     LINE SOURCE TEXT
  VALUE

Warning[203]: Found opcode in column 1. (goto)
0084   2886           00233 goto    COMPA1
Warning[203]: Found opcode in column 1. (goto)
0085   2889           00234 goto    COMPA2
                      00235 
0086                  00236 COMPA1: 
0086   1C37           00237         btfss 0x37,0
0087   288C           00238         goto COMP1_0
Error[113]  : Symbol not previously defined (COMP1_1)
0088   2800           00239         goto COMP1_1
0089                  00240 COMPA2:
0089   1C37           00241         btfss 0x37,0
008A   2891           00242         goto COMP1_2
Error[113]  : Symbol not previously defined (COMP1_2_1)
008B   2800           00243         goto COMP1_2_1
                      00244 
                      00245 ;SUMA
008C                  00246 COMP1_0: 
008C   0836           00247  movf   0x36,w
008D   0735           00248  addwf  0x35,w
008E   3E30           00249  addlw  0x30
008F   20A0           00250  call   DISPLAY
Warning[203]: Found opcode in column 1. (return)
0090   0008           00251 return
                      00252 
                      00253 ;-----------------------------------------FIN DE LA SUMA-------------------------
                      00254 
                      00255 ;                                                                                OPERACIONE MULTIPLICACI
                            ON                      
                      00256 ;--------------------------------------------------------------------------------
                      00257 
                      00258 ;MULTI
0091                  00259 COMP1_2:
0091   3000           00260  movlw 0x00
Warning[207]: Found label after column 1. (LOOP2)
0092                  00261  LOOP2:
0092   0736           00262  addwf  0x36,w
0093   03B5           00263  decf   0x35,f
Error[113]  : Symbol not previously defined (z)
0094   1C03           00264  btfss STATUS,z
0095   2892           00265  goto LOOP2
0096   3E30           00266  addlw  0x30
0097   20A0           00267  call   DISPLAY
Warning[203]: Found opcode in column 1. (return)
0098   0008           00268 return
                      00269 
                      00270  
                      00271 
Warning[203]: Found opcode in column 1. (return)
0099   0008           00272 return
                      00273 ;-----------------------------------------FIN DE LA MULTIPLICACION-------------------------
                      00274 ;--------------------------------------------RESET-------------------------------
009A                  00275 ON
MPASM  5.51                      SUMADORA.ASM   1-10-2021  23:15:01         PAGE  7


LOC  OBJECT CODE     LINE SOURCE TEXT
  VALUE

009A   3001           00276  movlw  0x01
009B   20AA           00277  call   LCD
                      00278 
009C   01B5           00279  clrf   0x35
009D   01B6           00280  clrf   0x36
009E   01B7           00281  clrf   0x37
Warning[203]: Found opcode in column 1. (return)
009F   0008           00282 return
                      00283 ;--------------------------------------------FIN DEL RESET----------------------
                      00284 ;--------------------------------------------CONFIGUARACION DEL LCD
00A0                  00285 DISPLAY
00A0   1408           00286         bsf     PORTD,0
00A1   1088           00287         bcf     PORTD,1
00A2   1508           00288         bsf     PORTD,2
                      00289 
00A3   20AA           00290         call    LCD
                      00291 
00A4   3038           00292         movlw   0x38
00A5   20AA           00293         call    LCD
                      00294 
00A6   300E           00295         movlw   0x0E
00A7   20AA           00296         call    LCD
                      00297 
00A8   1408           00298         bsf     PORTD,0
00A9   0008           00299         return
                      00300 
00AA                  00301 LCD     
Error[113]  : Symbol not previously defined (BIT8_CDU)
00AA   2000           00302         CALL    BIT8_CDU;ESTIMA CEN,DEC,UNI
00AB   0807           00303         movf    PORTC,W
Error[113]  : Symbol not previously defined (DEC)
00AC   0080           00304         movwf   DEC
00AD   0807           00305         movf    PORTC,W
Error[113]  : Symbol not previously defined (UNI)
00AE   0080           00306         movwf   UNI
                      00307         
                      00308         
00AF   1108           00309         bcf     PORTD,2
00B0   20B5           00310         call    DELAY
                      00311         
00B1   1508           00312         bsf     PORTD,2
00B2   20B5           00313         call    DELAY
                      00314         
00B3   1008           00315         bcf     PORTD,0
00B4   0008           00316         return
                      00317 
00B5                  00318 DELAY
00B5   300D           00319         movlw   D'13'
00B6   00B8           00320         movwf   0x38
00B7   30FB           00321         movlw   D'251'
00B8   00B9           00322         movwf   0x39
Warning[207]: Found label after column 1. (LOOP)
Message[305]: Using default destination of 1 (file).
MPASM  5.51                      SUMADORA.ASM   1-10-2021  23:15:01         PAGE  8


LOC  OBJECT CODE     LINE SOURCE TEXT
  VALUE

00B9   0BB9           00323         LOOP    decfsz  0x39
00BA   28B9           00324                         goto    LOOP    
Message[305]: Using default destination of 1 (file).
00BB   0BB8           00325                         decfsz  0x38
00BC   28B9           00326                         goto    LOOP
00BD   0008           00327         return
00BE   0008           00328         return
Warning[203]: Found opcode in column 1. (return)
00BF   0008           00329 return
                      00330 ;--------------------------------------------FIN DE LA CONFIGURACION DEL LCD
                      00331 
                      00332 ;=====================================================FIN DEL CODIGO
Warning[205]: Found directive in column 1. (INCLUDE)
Error[105]  : Cannot open file (Include File "DCU.INC" not found)
                      00333 INCLUDE DCU.INC
Warning[205]: Found directive in column 1. (end)
                      00334 end
MPASM  5.51                      SUMADORA.ASM   1-10-2021  23:15:01         PAGE  9


SYMBOL TABLE
  LABEL                             VALUE 

ACKDT                             00000005
ACKEN                             00000004
ACKSTAT                           00000006
ADCON0                            0000001F
ADCON1                            0000009F
ADCS0                             00000006
ADCS1                             00000007
ADCS2                             00000006
ADDEN                             00000003
ADFM                              00000007
ADIE                              00000006
ADIF                              00000006
ADON                              00000000
ADRESH                            0000001E
ADRESL                            0000009E
BCLIE                             00000003
BCLIF                             00000003
BF                                00000000
BRGH                              00000002
C                                 00000000
C1INV                             00000004
C1OUT                             00000006
C2INV                             00000005
C2OUT                             00000007
CCP1CON                           00000017
CCP1IE                            00000002
CCP1IF                            00000002
CCP1M0                            00000000
CCP1M1                            00000001
CCP1M2                            00000002
CCP1M3                            00000003
CCP1X                             00000005
CCP1Y                             00000004
CCP2CON                           0000001D
CCP2IE                            00000000
CCP2IF                            00000000
CCP2M0                            00000000
CCP2M1                            00000001
CCP2M2                            00000002
CCP2M3                            00000003
CCP2X                             00000005
CCP2Y                             00000004
CCPR1                             00000015
CCPR1H                            00000016
CCPR1L                            00000015
CCPR2                             0000001B
CCPR2H                            0000001C
CCPR2L                            0000001B
CERO                              00000033
CHS0                              00000003
CHS1                              00000004
CHS2                              00000005
CINCO                             0000004C
MPASM  5.51                      SUMADORA.ASM   1-10-2021  23:15:01         PAGE 10


SYMBOL TABLE
  LABEL                             VALUE 

CIS                               00000003
CKE                               00000006
CKP                               00000004
CM0                               00000000
CM1                               00000001
CM2                               00000002
CMCON                             0000009C
CMIE                              00000006
CMIF                              00000006
COMP1_0                           0000008C
COMP1_2                           00000091
COMPA1                            00000086
COMPA2                            00000089
CREN                              00000004
CSRC                              00000007
CUATRO                            00000047
CVR0                              00000000
CVR1                              00000001
CVR2                              00000002
CVR3                              00000003
CVRCON                            0000009D
CVREN                             00000007
CVROE                             00000006
CVRR                              00000005
D                                 00000005
DATA_ADDRESS                      00000005
DC                                00000001
DELAY                             000000B5
DISPLAY                           000000A0
DIVI                              0000007A
DOS                               0000003D
D_A                               00000005
D_NOT_A                           00000005
EEADR                             0000010D
EEADRH                            0000010F
EECON1                            0000018C
EECON2                            0000018D
EEDATA                            0000010C
EEDATH                            0000010E
EEIE                              00000004
EEIF                              00000004
EEPGD                             00000007
F                                 00000001
FERR                              00000002
FSR                               00000004
GCEN                              00000007
GIE                               00000007
GO                                00000002
GO_DONE                           00000002
GO_NOT_DONE                       00000002
I2C_DATA                          00000005
I2C_READ                          00000002
I2C_START                         00000003
MPASM  5.51                      SUMADORA.ASM   1-10-2021  23:15:01         PAGE 11


SYMBOL TABLE
  LABEL                             VALUE 

I2C_STOP                          00000004
IBF                               00000007
IBOV                              00000005
IGUAL                             00000081
INDF                              00000000
INICIO                            00000000
INTCON                            0000000B
INTE                              00000004
INTEDG                            00000006
INTF                              00000001
IRP                               00000007
LCD                               000000AA
LOOP                              000000B9
LOOP2                             00000092
MULTI                             00000073
NOT_A                             00000005
NOT_ADDRESS                       00000005
NOT_BO                            00000000
NOT_BOR                           00000000
NOT_DONE                          00000002
NOT_PD                            00000003
NOT_POR                           00000001
NOT_RBPU                          00000007
NOT_RC8                           00000006
NOT_T1SYNC                        00000002
NOT_TO                            00000004
NOT_TX8                           00000006
NOT_W                             00000002
NOT_WRITE                         00000002
NUEVE                             00000060
OBF                               00000006
OCHO                              0000005B
OERR                              00000001
ON                                0000009A
OPTION_REG                        00000081
P                                 00000004
PCFG0                             00000000
PCFG1                             00000001
PCFG2                             00000002
PCFG3                             00000003
PCL                               00000002
PCLATH                            0000000A
PCON                              0000008E
PEIE                              00000006
PEN                               00000002
PIE1                              0000008C
PIE2                              0000008D
PIR1                              0000000C
PIR2                              0000000D
PORTA                             00000005
PORTB                             00000006
PORTC                             00000007
PORTD                             00000008
MPASM  5.51                      SUMADORA.ASM   1-10-2021  23:15:01         PAGE 12


SYMBOL TABLE
  LABEL                             VALUE 

PORTE                             00000009
PR2                               00000092
PS0                               00000000
PS1                               00000001
PS2                               00000002
PSA                               00000003
PSPIE                             00000007
PSPIF                             00000007
PSPMODE                           00000004
R                                 00000002
RA0                               00000000
RA1                               00000001
RA2                               00000002
RA3                               00000003
RA4                               00000004
RA5                               00000005
RB0                               00000000
RB1                               00000001
RB2                               00000002
RB3                               00000003
RB4                               00000004
RB5                               00000005
RB6                               00000006
RB7                               00000007
RBIE                              00000003
RBIF                              00000000
RC0                               00000000
RC1                               00000001
RC2                               00000002
RC3                               00000003
RC4                               00000004
RC5                               00000005
RC6                               00000006
RC7                               00000007
RC8_9                             00000006
RC9                               00000006
RCD8                              00000000
RCEN                              00000003
RCIE                              00000005
RCIF                              00000005
RCREG                             0000001A
RCSTA                             00000018
RD                                00000000
RD0                               00000000
RD1                               00000001
RD2                               00000002
RD3                               00000003
RD4                               00000004
RD5                               00000005
RD6                               00000006
RD7                               00000007
RE0                               00000000
RE1                               00000001
MPASM  5.51                      SUMADORA.ASM   1-10-2021  23:15:01         PAGE 13


SYMBOL TABLE
  LABEL                             VALUE 

RE2                               00000002
READ_WRITE                        00000002
RESTA                             0000006C
RP0                               00000005
RP1                               00000006
RSEN                              00000001
RX9                               00000006
RX9D                              00000000
R_NOT_W                           00000002
R_W                               00000002
S                                 00000003
SEIS                              00000051
SEN                               00000000
SIETE                             00000056
SMP                               00000007
SPBRG                             00000099
SPEN                              00000007
SREN                              00000005
SSPADD                            00000093
SSPBUF                            00000013
SSPCON                            00000014
SSPCON2                           00000091
SSPEN                             00000005
SSPIE                             00000003
SSPIF                             00000003
SSPM0                             00000000
SSPM1                             00000001
SSPM2                             00000002
SSPM3                             00000003
SSPOV                             00000006
SSPSTAT                           00000094
STATUS                            00000003
SUMA                              00000065
SYNC                              00000004
T0CS                              00000005
T0IE                              00000005
T0IF                              00000002
T0SE                              00000004
T1CKPS0                           00000004
T1CKPS1                           00000005
T1CON                             00000010
T1INSYNC                          00000002
T1OSCEN                           00000003
T1SYNC                            00000002
T2CKPS0                           00000000
T2CKPS1                           00000001
T2CON                             00000012
TMR0                              00000001
TMR0IE                            00000005
TMR0IF                            00000002
TMR1                              0000000E
TMR1CS                            00000001
TMR1H                             0000000F
MPASM  5.51                      SUMADORA.ASM   1-10-2021  23:15:01         PAGE 14


SYMBOL TABLE
  LABEL                             VALUE 

TMR1IE                            00000000
TMR1IF                            00000000
TMR1L                             0000000E
TMR1ON                            00000000
TMR2                              00000011
TMR2IE                            00000001
TMR2IF                            00000001
TMR2ON                            00000002
TOUTPS0                           00000003
TOUTPS1                           00000004
TOUTPS2                           00000005
TOUTPS3                           00000006
TRES                              00000042
TRISA                             00000085
TRISA0                            00000000
TRISA1                            00000001
TRISA2                            00000002
TRISA3                            00000003
TRISA4                            00000004
TRISA5                            00000005
TRISB                             00000086
TRISB0                            00000000
TRISB1                            00000001
TRISB2                            00000002
TRISB3                            00000003
TRISB4                            00000004
TRISB5                            00000005
TRISB6                            00000006
TRISB7                            00000007
TRISC                             00000087
TRISC0                            00000000
TRISC1                            00000001
TRISC2                            00000002
TRISC3                            00000003
TRISC4                            00000004
TRISC5                            00000005
TRISC6                            00000006
TRISC7                            00000007
TRISD                             00000088
TRISD0                            00000000
TRISD1                            00000001
TRISD2                            00000002
TRISD3                            00000003
TRISD4                            00000004
TRISD5                            00000005
TRISD6                            00000006
TRISD7                            00000007
TRISE                             00000089
TRISE0                            00000000
TRISE1                            00000001
TRISE2                            00000002
TRMT                              00000001
TX8_9                             00000006
MPASM  5.51                      SUMADORA.ASM   1-10-2021  23:15:01         PAGE 15


SYMBOL TABLE
  LABEL                             VALUE 

TX9                               00000006
TX9D                              00000000
TXD8                              00000000
TXEN                              00000005
TXIE                              00000004
TXIF                              00000004
TXREG                             00000019
TXSTA                             00000098
UA                                00000001
UNO                               00000038
W                                 00000000
WCOL                              00000007
WR                                00000001
WREN                              00000002
WRERR                             00000003
Z                                 00000002
_BODEN_OFF                        00003FBF
_BODEN_ON                         00003FFF
_BOREN_OFF                        00003FBF
_BOREN_ON                         00003FFF
_CONFIG                           00002007
_CPD_OFF                          00003FFF
_CPD_ON                           00003EFF
_CP_ALL                           00001FFF
_CP_OFF                           00003FFF
_CP_ON                            00001FFF
_DEBUG_OFF                        00003FFF
_DEBUG_ON                         000037FF
_DEVID1                           00002006
_FOSC_EXTRC                       00003FFF
_FOSC_HS                          00003FFE
_FOSC_LP                          00003FFC
_FOSC_XT                          00003FFD
_HS_OSC                           00003FFE
_IDLOC0                           00002000
_IDLOC1                           00002001
_IDLOC2                           00002002
_IDLOC3                           00002003
_LP_OSC                           00003FFC
_LVP_OFF                          00003F7F
_LVP_ON                           00003FFF
_PWRTE_OFF                        00003FFF
_PWRTE_ON                         00003FF7
_RC_OSC                           00003FFF
_WDTE_OFF                         00003FFB
_WDTE_ON                          00003FFF
_WDT_OFF                          00003FFB
_WDT_ON                           00003FFF
_WRT_1FOURTH                      00003BFF
_WRT_256                          00003DFF
_WRT_HALF                         000039FF
_WRT_OFF                          00003FFF
_XT_OSC                           00003FFD
MPASM  5.51                      SUMADORA.ASM   1-10-2021  23:15:01         PAGE 16


SYMBOL TABLE
  LABEL                             VALUE 

__16F877                          00000001
entrada                           00000008
teclado                           0000000A


MEMORY USAGE MAP ('X' = Used,  '-' = Unused)

0000 : XXXXXXXXXXXXXXXX XXXXXXXXXXXXXXXX XXXXXXXXXXXXXXXX XXXXXXXXXXXXXXXX
0040 : XXXXXXXXXXXXXXXX XXXXXXXXXXXXXXXX XXXXXXXXXXXXXXXX XXXXXXXXXXXXXXXX
0080 : XXXXXXXXXXXXXXXX XXXXXXXXXXXXXXXX XXXXXXXXXXXXXXXX XXXXXXXXXXXXXXXX
2000 : -------X-------- ---------------- ---------------- ----------------

All other memory blocks unused.

Program Memory Words Used:   192
Program Memory Words Free:  8000


Errors   :     7
Warnings :    30 reported,     0 suppressed
Messages :     6 reported,     0 suppressed

