MPLINK 4.49, Linker
Linker Map File - Created Thu May 07 11:48:03 2020

                                 Section Info
                  Section       Type    Address   Location Size(Bytes)
                ---------  ---------  ---------  ---------  ---------
                   .org_0       code   0x000000    program   0x000000
                   .org_1       code   0x000000    program   0x00015e
  .config_2007_SUMADORA.O       code   0x002007    program   0x000002



                              Program Memory Usage 
                               Start         End      
                           ---------   ---------      
                            0x000000    0x0000ae      
                            0x002007    0x002007      
            176 out of 8454 program addresses used, program memory utilization is 2%



                              Symbols - Sorted by Name
                     Name    Address   Location    Storage File                     
                ---------  ---------  ---------  --------- ---------                
                     CERO   0x000033    program     static C:\Users\lenovo t430\Desktop\5 semestre\Lenguajes\Sumadora\sumadora.asm
                    CINCO   0x00004c    program     static C:\Users\lenovo t430\Desktop\5 semestre\Lenguajes\Sumadora\sumadora.asm
                   COND00   0x000087    program     static C:\Users\lenovo t430\Desktop\5 semestre\Lenguajes\Sumadora\sumadora.asm
                   CUATRO   0x000047    program     static C:\Users\lenovo t430\Desktop\5 semestre\Lenguajes\Sumadora\sumadora.asm
                    DELAY   0x0000a4    program     static C:\Users\lenovo t430\Desktop\5 semestre\Lenguajes\Sumadora\sumadora.asm
                  DISPLAY   0x000093    program     static C:\Users\lenovo t430\Desktop\5 semestre\Lenguajes\Sumadora\sumadora.asm
                     DIVI   0x00007a    program     static C:\Users\lenovo t430\Desktop\5 semestre\Lenguajes\Sumadora\sumadora.asm
                      DOS   0x00003d    program     static C:\Users\lenovo t430\Desktop\5 semestre\Lenguajes\Sumadora\sumadora.asm
                    IGUAL   0x000081    program     static C:\Users\lenovo t430\Desktop\5 semestre\Lenguajes\Sumadora\sumadora.asm
                   INICIO   0x000000    program     static C:\Users\lenovo t430\Desktop\5 semestre\Lenguajes\Sumadora\sumadora.asm
                      LCD   0x00009d    program     static C:\Users\lenovo t430\Desktop\5 semestre\Lenguajes\Sumadora\sumadora.asm
                     LOOP   0x0000a8    program     static C:\Users\lenovo t430\Desktop\5 semestre\Lenguajes\Sumadora\sumadora.asm
                    MULTI   0x000073    program     static C:\Users\lenovo t430\Desktop\5 semestre\Lenguajes\Sumadora\sumadora.asm
                    NUEVE   0x000060    program     static C:\Users\lenovo t430\Desktop\5 semestre\Lenguajes\Sumadora\sumadora.asm
                     OCHO   0x00005b    program     static C:\Users\lenovo t430\Desktop\5 semestre\Lenguajes\Sumadora\sumadora.asm
                       ON   0x00008d    program     static C:\Users\lenovo t430\Desktop\5 semestre\Lenguajes\Sumadora\sumadora.asm
                    RESTA   0x00006c    program     static C:\Users\lenovo t430\Desktop\5 semestre\Lenguajes\Sumadora\sumadora.asm
                     SEIS   0x000051    program     static C:\Users\lenovo t430\Desktop\5 semestre\Lenguajes\Sumadora\sumadora.asm
                    SIETE   0x000056    program     static C:\Users\lenovo t430\Desktop\5 semestre\Lenguajes\Sumadora\sumadora.asm
                     SUMA   0x000065    program     static C:\Users\lenovo t430\Desktop\5 semestre\Lenguajes\Sumadora\sumadora.asm
                   TCOND0   0x000085    program     static C:\Users\lenovo t430\Desktop\5 semestre\Lenguajes\Sumadora\sumadora.asm
                     TRES   0x000042    program     static C:\Users\lenovo t430\Desktop\5 semestre\Lenguajes\Sumadora\sumadora.asm
                      UNO   0x000038    program     static C:\Users\lenovo t430\Desktop\5 semestre\Lenguajes\Sumadora\sumadora.asm
                  entrada   0x000008    program     static C:\Users\lenovo t430\Desktop\5 semestre\Lenguajes\Sumadora\sumadora.asm
                  teclado   0x00000a    program     static C:\Users\lenovo t430\Desktop\5 semestre\Lenguajes\Sumadora\sumadora.asm



                              Symbols - Sorted by Address
                     Name    Address   Location    Storage File                     
                ---------  ---------  ---------  --------- ---------                
                   INICIO   0x000000    program     static C:\Users\lenovo t430\Desktop\5 semestre\Lenguajes\Sumadora\sumadora.asm
                  entrada   0x000008    program     static C:\Users\lenovo t430\Desktop\5 semestre\Lenguajes\Sumadora\sumadora.asm
                  teclado   0x00000a    program     static C:\Users\lenovo t430\Desktop\5 semestre\Lenguajes\Sumadora\sumadora.asm
                     CERO   0x000033    program     static C:\Users\lenovo t430\Desktop\5 semestre\Lenguajes\Sumadora\sumadora.asm
                      UNO   0x000038    program     static C:\Users\lenovo t430\Desktop\5 semestre\Lenguajes\Sumadora\sumadora.asm
                      DOS   0x00003d    program     static C:\Users\lenovo t430\Desktop\5 semestre\Lenguajes\Sumadora\sumadora.asm
                     TRES   0x000042    program     static C:\Users\lenovo t430\Desktop\5 semestre\Lenguajes\Sumadora\sumadora.asm
                   CUATRO   0x000047    program     static C:\Users\lenovo t430\Desktop\5 semestre\Lenguajes\Sumadora\sumadora.asm
                    CINCO   0x00004c    program     static C:\Users\lenovo t430\Desktop\5 semestre\Lenguajes\Sumadora\sumadora.asm
                     SEIS   0x000051    program     static C:\Users\lenovo t430\Desktop\5 semestre\Lenguajes\Sumadora\sumadora.asm
                    SIETE   0x000056    program     static C:\Users\lenovo t430\Desktop\5 semestre\Lenguajes\Sumadora\sumadora.asm
                     OCHO   0x00005b    program     static C:\Users\lenovo t430\Desktop\5 semestre\Lenguajes\Sumadora\sumadora.asm
                    NUEVE   0x000060    program     static C:\Users\lenovo t430\Desktop\5 semestre\Lenguajes\Sumadora\sumadora.asm
                     SUMA   0x000065    program     static C:\Users\lenovo t430\Desktop\5 semestre\Lenguajes\Sumadora\sumadora.asm
                    RESTA   0x00006c    program     static C:\Users\lenovo t430\Desktop\5 semestre\Lenguajes\Sumadora\sumadora.asm
                    MULTI   0x000073    program     static C:\Users\lenovo t430\Desktop\5 semestre\Lenguajes\Sumadora\sumadora.asm
                     DIVI   0x00007a    program     static C:\Users\lenovo t430\Desktop\5 semestre\Lenguajes\Sumadora\sumadora.asm
                    IGUAL   0x000081    program     static C:\Users\lenovo t430\Desktop\5 semestre\Lenguajes\Sumadora\sumadora.asm
                   TCOND0   0x000085    program     static C:\Users\lenovo t430\Desktop\5 semestre\Lenguajes\Sumadora\sumadora.asm
                   COND00   0x000087    program     static C:\Users\lenovo t430\Desktop\5 semestre\Lenguajes\Sumadora\sumadora.asm
                       ON   0x00008d    program     static C:\Users\lenovo t430\Desktop\5 semestre\Lenguajes\Sumadora\sumadora.asm
                  DISPLAY   0x000093    program     static C:\Users\lenovo t430\Desktop\5 semestre\Lenguajes\Sumadora\sumadora.asm
                      LCD   0x00009d    program     static C:\Users\lenovo t430\Desktop\5 semestre\Lenguajes\Sumadora\sumadora.asm
                    DELAY   0x0000a4    program     static C:\Users\lenovo t430\Desktop\5 semestre\Lenguajes\Sumadora\sumadora.asm
                     LOOP   0x0000a8    program     static C:\Users\lenovo t430\Desktop\5 semestre\Lenguajes\Sumadora\sumadora.asm


